﻿
> gildiyadekora@0.0.0 build
> vite build

[36mvite v8.0.7 [32mbuilding client environment for production...[36m[39m
[2K
transforming...тЬУ 164 modules transformed.
rendering chunks...
computing gzip size...
dist/index.html                                                0.46 kB тФВ gzip:  0.29 kB
dist/assets/insget.net_instagram_69e881603b777-CJjcdxOw.jpg   25.69 kB
dist/assets/insget.net_instagram_69e880c11e00b-CiXokECR.jpg   29.15 kB
dist/assets/insget.net_instagram_69e88109a3a31-D5g2hVdE.jpg   31.98 kB
dist/assets/insget.net_instagram_69e880c284eea-B4349S2n.jpg   32.30 kB
dist/assets/insget.net_instagram_69e8815e9c121-B1GIeJmy.jpg   32.91 kB
dist/assets/insget.net_instagram_69e881748bb15-DM2sOi9U.jpg   33.32 kB
dist/assets/insget.net_instagram_69e8814a19573-Dm_eMSPy.jpg   36.13 kB
dist/assets/insget.net_instagram_69e8810914f9b-ktyaKp1i.jpg   37.21 kB
dist/assets/insget.net_instagram_69e8806537fa5-v2Ycz44W.jpg   37.92 kB
dist/assets/insget.net_instagram_69e881724c666-Zr5DMwB8.jpg   38.99 kB
dist/assets/insget.net_instagram_69e880d90fe91-D5r1qc_3.jpg   39.26 kB
dist/assets/insget.net_instagram_69e8859c70b9e-Df3HmYuJ.jpg   41.19 kB
dist/assets/insget.net_instagram_69e881495a662-eWAspDhu.jpg   42.53 kB
dist/assets/insget.net_instagram_69e88161c1b58-DXiHYFa5.jpg   42.74 kB
dist/assets/insget.net_instagram_69e881627fae6-Di2cf4AJ.jpg   42.86 kB
dist/assets/insget.net_instagram_69e8804da8267-D3hpeiWC.jpg   43.32 kB
dist/assets/insget.net_instagram_69e880da922fd-I18PaeIw.jpg   43.33 kB
dist/assets/insget.net_instagram_69e88136611c5-DiUp6u1w.jpg   43.87 kB
dist/assets/insget.net_instagram_69e88021eb90c-C-wkbL20.jpg   48.43 kB
dist/assets/insget.net_instagram_69e88022b6884-BcrWyW6I.jpg   50.76 kB
dist/assets/insget.net_instagram_69e880dbf0d2b-CV6zvfuC.jpg   51.23 kB
dist/assets/insget.net_instagram_69e88175372ef-CLQmCScL.jpg   54.47 kB
dist/assets/photo_78_2026-04-24_14-48-46-CnkYwtXe.jpg         54.71 kB
dist/assets/insget.net_instagram_69e88170bb308-BWRKJetT.jpg   54.92 kB
dist/assets/insget.net_instagram_69e885b9203b4-D7mqo1a0.jpg   55.25 kB
dist/assets/insget.net_instagram_69e88173e45c9-CHdTuHuR.jpg   58.63 kB
dist/assets/insget.net_instagram_69e885b9d7f2f-Cr8QtRLb.jpg   62.02 kB
dist/assets/insget.net_instagram_69e881087ead4-3EBp8ar0.jpg   62.17 kB
dist/assets/insget.net_instagram_69e88173232a0-jCLcHSiF.jpg   63.04 kB
dist/assets/insget.net_instagram_69e885b88b3ac-pkDwv7b7.jpg   65.84 kB
dist/assets/insget.net_instagram_69e8809fd86eb-hTra5qUQ.jpg   69.58 kB
dist/assets/insget.net_instagram_69e88133a0ea2-By239El8.jpg   72.63 kB
dist/assets/insget.net_instagram_69e8813483307-CkIzAfZe.jpg   72.80 kB
dist/assets/insget.net_instagram_69e8801d3b035-D9NM6sUM.jpg   75.26 kB
dist/assets/insget.net_instagram_69e88083d2078-CFB0GU9H.jpg   75.34 kB
dist/assets/insget.net_instagram_69e88176f162b-D3u3HKO6.jpg   80.31 kB
dist/assets/insget.net_instagram_69e885ba6373a-CN1DmTau.jpg   82.70 kB
dist/assets/insget.net_instagram_69e8817171cf9-D1SkfGnL.jpg   85.23 kB
dist/assets/photo_3_2026-04-24_14-48-46-BdP1Jn8M.jpg          85.87 kB
dist/assets/insget.net_instagram_69e88132e4203-Ch2IwYvM.jpg   87.87 kB
dist/assets/insget.net_instagram_69e8802097693-eqS4be4w.jpg   92.25 kB
dist/assets/insget.net_instagram_69e881067686e-DpZ_xKqz.jpg   96.59 kB
dist/assets/photo_73_2026-04-24_14-48-46-DSrJXNOt.jpg         99.92 kB
dist/assets/photo_41_2026-04-24_14-48-46-BYk1UwUR.jpg        104.65 kB
dist/assets/photo_79_2026-04-24_14-48-46-Ea_UOM_m.jpg        105.05 kB
dist/assets/insget.net_instagram_69e880f472d5b-CZr5p7nZ.jpg  105.36 kB
dist/assets/insget.net_instagram_69e8801fb7bda-BXboyaoZ.jpg  106.04 kB
dist/assets/photo_2_2026-04-24_14-48-46-CWNEDwij.jpg         108.77 kB
dist/assets/photo_34_2026-04-24_14-48-46-Dnp5guc1.jpg        109.76 kB
dist/assets/photo_47_2026-04-24_14-48-46-BH59td3i.jpg        112.81 kB
dist/assets/photo_33_2026-04-24_14-48-46-BHSoqcoD.jpg        113.07 kB
dist/assets/photo_46_2026-04-24_14-48-46-Cd4ssmT9.jpg        114.10 kB
dist/assets/photo_51_2026-04-24_14-48-46-CuPsNC_a.jpg        114.38 kB
dist/assets/photo_42_2026-04-24_14-48-46-Da4bPv26.jpg        116.12 kB
dist/assets/insget.net_instagram_69e881208cb56-mZ1SDEn0.jpg  119.04 kB
dist/assets/photo_30_2026-04-24_14-48-46-ZY3KQi3u.jpg        119.60 kB
dist/assets/photo_27_2026-04-24_14-48-46-CZ877hPl.jpg        120.75 kB
dist/assets/insget.net_instagram_69e88107af418-OwQbf4yh.jpg  121.85 kB
dist/assets/insget.net_instagram_69e880c47ea41-D5zUfIfF.jpg  122.48 kB
dist/assets/photo_38_2026-04-24_14-48-46-D3YaYWsW.jpg        126.93 kB
dist/assets/photo_66_2026-04-24_14-48-46-CGLLbxVy.jpg        129.40 kB
dist/assets/photo_29_2026-04-24_14-48-46-Dxdskgac.jpg        129.52 kB
dist/assets/photo_26_2026-04-24_14-48-46-DHObUfxa.jpg        132.11 kB
dist/assets/photo_25_2026-04-24_14-48-46-D8eSom-B.jpg        133.94 kB
dist/assets/photo_50_2026-04-24_14-48-46-BIOkzDWi.jpg        134.98 kB
dist/assets/photo_31_2026-04-24_14-48-46-Z-dqwehl.jpg        138.31 kB
dist/assets/photo_55_2026-04-24_14-48-46-BY7gs4yw.jpg        139.07 kB
dist/assets/insget.net_instagram_69e88106dec75-Bt5MHIVR.jpg  139.71 kB
dist/assets/photo_59_2026-04-24_14-48-46-c1F2hqfJ.jpg        140.34 kB
dist/assets/photo_64_2026-04-24_14-48-46-CkIT5b49.jpg        145.42 kB
dist/assets/photo_4_2026-04-24_14-48-46-JcpJR4MU.jpg         147.20 kB
dist/assets/photo_53_2026-04-24_14-48-46-Dq9teaRb.jpg        148.19 kB
dist/assets/photo_40_2026-04-24_14-48-46-D_KnSzGr.jpg        151.68 kB
dist/assets/photo_28_2026-04-24_14-48-46-QY3xJPLu.jpg        152.68 kB
dist/assets/photo_32_2026-04-24_14-48-46-tTa3TD-J.jpg        155.26 kB
dist/assets/photo_74_2026-04-24_14-48-46-DNm4sCMe.jpg        156.16 kB
dist/assets/photo_69_2026-04-24_14-48-46-CLTq_aC-.jpg        156.46 kB
dist/assets/photo_35_2026-04-24_14-48-46-Bw_DscRa.jpg        156.93 kB
dist/assets/photo_36_2026-04-24_14-48-46-Bak2u1fD.jpg        160.42 kB
dist/assets/photo_1_2026-04-24_14-48-46-BLP42T0m.jpg         162.61 kB
dist/assets/photo_45_2026-04-24_14-48-46-Bmwm_Ws9.jpg        165.28 kB
dist/assets/photo_48_2026-04-24_14-48-46-CzgCvmP6.jpg        165.60 kB
dist/assets/photo_54_2026-04-24_14-48-46-l-dNJl8-.jpg        166.22 kB
dist/assets/photo_39_2026-04-24_14-48-46-C_O_fugL.jpg        171.72 kB
dist/assets/photo_57_2026-04-24_14-48-46-C19jGDwh.jpg        174.46 kB
dist/assets/photo_70_2026-04-24_14-48-46-P6UN0D0o.jpg        175.04 kB
dist/assets/photo_77_2026-04-24_14-48-46-BWEXUiWp.jpg        178.24 kB
dist/assets/photo_75_2026-04-24_14-48-46-Dq9ThtU8.jpg        178.36 kB
dist/assets/photo_62_2026-04-24_14-48-46-B6a458xv.jpg        178.83 kB
dist/assets/photo_68_2026-04-24_14-48-46-BKEfPt1Q.jpg        181.42 kB
dist/assets/photo_56_2026-04-24_14-48-46-BOmKipqW.jpg        181.79 kB
dist/assets/photo_44_2026-04-24_14-48-46-Da5PWhWJ.jpg        183.12 kB
dist/assets/photo_72_2026-04-24_14-48-46-sVE4N74t.jpg        183.83 kB
dist/assets/photo_58_2026-04-24_14-48-46-D8wLGo4e.jpg        184.88 kB
dist/assets/photo_43_2026-04-24_14-48-46-Duo8VAph.jpg        185.00 kB
dist/assets/photo_5_2026-04-24_14-48-46-BIDtHwoY.jpg         185.10 kB
dist/assets/photo_49_2026-04-24_14-48-46-BOUDHV8L.jpg        185.52 kB
dist/assets/photo_6_2026-04-24_14-48-46-Bv-YBz1b.jpg         185.73 kB
dist/assets/photo_24_2026-04-24_14-48-46-aDVkah9m.jpg        186.59 kB
dist/assets/photo_65_2026-04-24_14-48-46-vIe8iFew.jpg        186.88 kB
dist/assets/photo_14_2026-04-24_14-48-46-DnXtjQTh.jpg        194.72 kB
dist/assets/photo_13_2026-04-24_14-48-46-DNrE7jmO.jpg        196.30 kB
dist/assets/photo_12_2026-04-24_14-48-46-CvTMs6GB.jpg        197.26 kB
dist/assets/photo_71_2026-04-24_14-48-46-BuRh__Wq.jpg        197.47 kB
dist/assets/photo_52_2026-04-24_14-48-46-CbXvz7JA.jpg        198.45 kB
dist/assets/photo_37_2026-04-24_14-48-46-Bj011_A7.jpg        198.70 kB
dist/assets/photo_16_2026-04-24_14-48-46-CJIscOKk.jpg        199.73 kB
dist/assets/photo_63_2026-04-24_14-48-46-DEuj59u5.jpg        200.75 kB
dist/assets/photo_15_2026-04-24_14-48-46-DGPelWOz.jpg        207.92 kB
dist/assets/photo_10_2026-04-24_14-48-46-BH7HSKL1.jpg        208.87 kB
dist/assets/photo_7_2026-04-24_14-48-46-Dkadj0rg.jpg         209.96 kB
dist/assets/photo_60_2026-04-24_14-48-46-D6gsv0gy.jpg        213.39 kB
dist/assets/photo_61_2026-04-24_14-48-46-CfM9_dGh.jpg        216.96 kB
dist/assets/photo_9_2026-04-24_14-48-46-CLX_vHtP.jpg         221.34 kB
dist/assets/photo_17_2026-04-24_14-48-46-CD0APKbL.jpg        222.11 kB
dist/assets/photo_8_2026-04-24_14-48-46-CQTUZ2j2.jpg         226.86 kB
dist/assets/photo_11_2026-04-24_14-48-46-C3C7WPNy.jpg        228.40 kB
dist/assets/photo_21_2026-04-24_14-48-46-B7WYAf9K.jpg        236.29 kB
dist/assets/photo_19_2026-04-24_14-48-46-BzqTee5O.jpg        241.89 kB
dist/assets/photo_80_2026-04-24_14-48-46-8M79GjNM.jpg        260.79 kB
dist/assets/photo_22_2026-04-24_14-48-46-CunyuTrf.jpg        267.23 kB
dist/assets/photo_20_2026-04-24_14-48-46-6yRX0CWS.jpg        273.19 kB
dist/assets/photo_18_2026-04-24_14-48-46-Ug8yrcWI.jpg        273.36 kB
dist/assets/photo_76_2026-04-24_14-48-46-DNKCpkvQ.jpg        278.13 kB
dist/assets/photo_23_2026-04-24_14-48-46-0EF4UUys.jpg        283.04 kB
dist/assets/logo-transparent-CtcD3X8q.png                    379.04 kB
dist/assets/photo_67_2026-04-24_14-48-46-B2Q_-iJG.jpg        532.07 kB
dist/assets/index-C5CARA9O.css                                17.47 kB тФВ gzip:  4.03 kB
dist/assets/index-CFM1rc95.js                                309.88 kB тФВ gzip: 91.12 kB

[32mтЬУ built in 292ms[39m
